// Jest Snapshot v1, https://goo.gl/fbAQLP

exports[`<Loading /> Test Suit Should Render Correctly 1`] = `
<div
  class="MuiGrid-root makeStyles-root-1 MuiGrid-container MuiGrid-align-content-xs-center MuiGrid-justify-xs-center"
  id="loading-component"
>
  <div
    class="MuiGrid-root MuiGrid-container MuiGrid-item MuiGrid-align-content-xs-center MuiGrid-justify-xs-center MuiGrid-grid-xs-12"
  >
    <div
      class="MuiCircularProgress-root MuiCircularProgress-colorSecondary MuiCircularProgress-indeterminate"
      role="progressbar"
      style="width:40px;height:40px"
    >
      <svg
        class="MuiCircularProgress-svg"
        viewBox="22 22 44 44"
      >
        <circle
          class="MuiCircularProgress-circle MuiCircularProgress-circleIndeterminate"
          cx="44"
          cy="44"
          fill="none"
          r="20.2"
          stroke-width="3.6"
        />
      </svg>
    </div>
  </div>
  <div
    class="MuiGrid-root MuiGrid-item"
  >
    <p
      class="MuiTypography-root MuiTypography-body1"
    >
      Please, wait while we load everything...
    </p>
  </div>
</div>
`;
